[2025-11-19 20:29:48] [INFO] Bắt đầu flow trích xuất dữ liệu thời tiết.
[2025-11-19 20:29:48] [SUCCESS] Đã lấy dữ liệu thời tiết cho: Hà Nội
[2025-11-19 20:29:49] [WARNING] Dữ liệu không đầy đủ cho: Hồ Chí Minh. Phản hồi: city not found
[2025-11-19 20:29:50] [SUCCESS] Đã lấy dữ liệu thời tiết cho: Hải Phòng
[2025-11-19 20:29:51] [SUCCESS] Đã lấy dữ liệu thời tiết cho: Đà Nẵng
[2025-11-19 20:29:51] [SUCCESS] Đã lấy dữ liệu thời tiết cho: Cần Thơ
[2025-11-19 20:29:52] [SUCCESS] Đã lấy dữ liệu thời tiết cho: An Giang
[2025-11-19 20:29:53] [WARNING] Dữ liệu không đầy đủ cho: Bà Rịa - Vũng Tàu. Phản hồi: city not found
[2025-11-19 20:29:53] [SUCCESS] Đã lấy dữ liệu thời tiết cho: Bạc Liêu
[2025-11-19 20:29:54] [SUCCESS] Đã lấy dữ liệu thời tiết cho: Bắc Kạn
[2025-11-19 20:29:55] [SUCCESS] Đã lấy dữ liệu thời tiết cho: Bắc Giang
[2025-11-19 20:29:55] [SUCCESS] Đã lấy dữ liệu thời tiết cho: Bắc Ninh
[2025-11-19 20:29:56] [SUCCESS] Đã lấy dữ liệu thời tiết cho: Bến Tre
[2025-11-19 20:29:57] [SUCCESS] Đã lấy dữ liệu thời tiết cho: Bình Dương
[2025-11-19 20:29:57] [SUCCESS] Đã lấy dữ liệu thời tiết cho: Bình Định
[2025-11-19 20:29:58] [WARNING] Dữ liệu không đầy đủ cho: Bình Phước. Phản hồi: city not found
[2025-11-19 20:29:59] [WARNING] Dữ liệu không đầy đủ cho: Bình Thuận. Phản hồi: city not found
[2025-11-19 20:30:00] [SUCCESS] Đã lấy dữ liệu thời tiết cho: Cà Mau
[2025-11-19 20:30:00] [SUCCESS] Đã lấy dữ liệu thời tiết cho: Cao Bằng
[2025-11-19 20:30:01] [WARNING] Dữ liệu không đầy đủ cho: Đắk Lắk. Phản hồi: city not found
[2025-11-19 20:30:02] [WARNING] Dữ liệu không đầy đủ cho: Đắk Nông. Phản hồi: city not found
[2025-11-19 20:30:03] [WARNING] Dữ liệu không đầy đủ cho: Điện Biên. Phản hồi: city not found
[2025-11-19 20:30:04] [WARNING] Dữ liệu không đầy đủ cho: Đồng Nai. Phản hồi: city not found
[2025-11-19 20:30:04] [WARNING] Dữ liệu không đầy đủ cho: Đồng Tháp. Phản hồi: city not found
[2025-11-19 20:30:05] [SUCCESS] Đã lấy dữ liệu thời tiết cho: Gia Lai
[2025-11-19 20:30:06] [SUCCESS] Đã lấy dữ liệu thời tiết cho: Hà Giang
[2025-11-19 20:30:06] [SUCCESS] Đã lấy dữ liệu thời tiết cho: Hà Nam
[2025-11-19 20:30:07] [SUCCESS] Đã lấy dữ liệu thời tiết cho: Hà Tĩnh
[2025-11-19 20:30:08] [WARNING] Dữ liệu không đầy đủ cho: Hải Dương. Phản hồi: city not found
[2025-11-19 20:30:09] [WARNING] Dữ liệu không đầy đủ cho: Hậu Giang. Phản hồi: city not found
[2025-11-19 20:30:09] [SUCCESS] Đã lấy dữ liệu thời tiết cho: Hòa Bình
[2025-11-19 20:30:10] [SUCCESS] Đã lấy dữ liệu thời tiết cho: Hưng Yên
[2025-11-19 20:30:10] [SUCCESS] Đã lấy dữ liệu thời tiết cho: Khánh Hòa
[2025-11-19 20:30:11] [WARNING] Dữ liệu không đầy đủ cho: Kiên Giang. Phản hồi: city not found
[2025-11-19 20:30:12] [SUCCESS] Đã lấy dữ liệu thời tiết cho: Kon Tum
[2025-11-19 20:30:12] [SUCCESS] Đã lấy dữ liệu thời tiết cho: Lai Châu
[2025-11-19 20:30:13] [WARNING] Dữ liệu không đầy đủ cho: Lâm Đồng. Phản hồi: city not found
[2025-11-19 20:30:14] [SUCCESS] Đã lấy dữ liệu thời tiết cho: Lạng Sơn
[2025-11-19 20:30:14] [SUCCESS] Đã lấy dữ liệu thời tiết cho: Lào Cai
[2025-11-19 20:30:15] [SUCCESS] Đã lấy dữ liệu thời tiết cho: Long An
[2025-11-19 20:30:16] [SUCCESS] Đã lấy dữ liệu thời tiết cho: Nam Định
[2025-11-19 20:30:17] [WARNING] Dữ liệu không đầy đủ cho: Nghệ An. Phản hồi: city not found
[2025-11-19 20:30:17] [SUCCESS] Đã lấy dữ liệu thời tiết cho: Ninh Bình
[2025-11-19 20:30:18] [WARNING] Dữ liệu không đầy đủ cho: Ninh Thuận. Phản hồi: city not found
[2025-11-19 20:30:19] [SUCCESS] Đã lấy dữ liệu thời tiết cho: Phú Thọ
[2025-11-19 20:30:19] [WARNING] Dữ liệu không đầy đủ cho: Phú Yên. Phản hồi: city not found
[2025-11-19 20:30:20] [WARNING] Dữ liệu không đầy đủ cho: Quảng Bình. Phản hồi: city not found
[2025-11-19 20:30:21] [WARNING] Dữ liệu không đầy đủ cho: Quảng Nam. Phản hồi: city not found
[2025-11-19 20:30:21] [SUCCESS] Đã lấy dữ liệu thời tiết cho: Quảng Ngãi
[2025-11-19 20:30:22] [WARNING] Dữ liệu không đầy đủ cho: Quảng Ninh. Phản hồi: city not found
[2025-11-19 20:30:23] [SUCCESS] Đã lấy dữ liệu thời tiết cho: Quảng Trị
[2025-11-19 20:30:23] [SUCCESS] Đã lấy dữ liệu thời tiết cho: Sóc Trăng
[2025-11-19 20:30:24] [SUCCESS] Đã lấy dữ liệu thời tiết cho: Sơn La
[2025-11-19 20:30:25] [SUCCESS] Đã lấy dữ liệu thời tiết cho: Tây Ninh
[2025-11-19 20:30:25] [SUCCESS] Đã lấy dữ liệu thời tiết cho: Thái Bình
[2025-11-19 20:30:26] [SUCCESS] Đã lấy dữ liệu thời tiết cho: Thái Nguyên
[2025-11-19 20:30:27] [SUCCESS] Đã lấy dữ liệu thời tiết cho: Thanh Hóa
[2025-11-19 20:30:27] [WARNING] Dữ liệu không đầy đủ cho: Thừa Thiên Huế. Phản hồi: city not found
[2025-11-19 20:30:28] [WARNING] Dữ liệu không đầy đủ cho: Tiền Giang. Phản hồi: city not found
[2025-11-19 20:30:29] [SUCCESS] Đã lấy dữ liệu thời tiết cho: Trà Vinh
[2025-11-19 20:30:29] [SUCCESS] Đã lấy dữ liệu thời tiết cho: Tuyên Quang
[2025-11-19 20:30:30] [SUCCESS] Đã lấy dữ liệu thời tiết cho: Vĩnh Long
[2025-11-19 20:30:31] [SUCCESS] Đã lấy dữ liệu thời tiết cho: Vĩnh Phúc
[2025-11-19 20:30:31] [SUCCESS] Đã lấy dữ liệu thời tiết cho: Yên Bái
[2025-11-19 20:30:32] [INFO] Lưu CSV thành công: C:\Users\Phu\Documents\DW\csv\weather_20251119_203032.csv, 42 bản ghi
[2025-11-19 20:30:32] [INFO] Hoàn tất flow: CSV=C:\Users\Phu\Documents\DW\csv\weather_20251119_203032.csv
[2025-11-19 21:13:52] [INFO] Bắt đầu flow trích xuất dữ liệu thời tiết.
[2025-11-19 21:13:53] [SUCCESS] Đã lấy dữ liệu thời tiết cho: Hà Nội
[2025-11-19 21:13:54] [WARNING] Dữ liệu không đầy đủ cho: Hồ Chí Minh. Phản hồi: city not found
[2025-11-19 21:13:55] [SUCCESS] Đã lấy dữ liệu thời tiết cho: Hải Phòng
[2025-11-19 21:13:55] [SUCCESS] Đã lấy dữ liệu thời tiết cho: Đà Nẵng
[2025-11-19 21:13:56] [SUCCESS] Đã lấy dữ liệu thời tiết cho: Cần Thơ
[2025-11-19 21:13:57] [SUCCESS] Đã lấy dữ liệu thời tiết cho: An Giang
[2025-11-19 21:13:57] [WARNING] Dữ liệu không đầy đủ cho: Bà Rịa - Vũng Tàu. Phản hồi: city not found
[2025-11-19 21:13:58] [SUCCESS] Đã lấy dữ liệu thời tiết cho: Bạc Liêu
[2025-11-19 21:13:59] [SUCCESS] Đã lấy dữ liệu thời tiết cho: Bắc Kạn
[2025-11-19 21:13:59] [SUCCESS] Đã lấy dữ liệu thời tiết cho: Bắc Giang
[2025-11-19 21:14:00] [SUCCESS] Đã lấy dữ liệu thời tiết cho: Bắc Ninh
[2025-11-19 21:14:01] [SUCCESS] Đã lấy dữ liệu thời tiết cho: Bến Tre
[2025-11-19 21:14:01] [SUCCESS] Đã lấy dữ liệu thời tiết cho: Bình Dương
[2025-11-19 21:14:02] [SUCCESS] Đã lấy dữ liệu thời tiết cho: Bình Định
[2025-11-19 21:14:03] [WARNING] Dữ liệu không đầy đủ cho: Bình Phước. Phản hồi: city not found
[2025-11-19 21:14:03] [WARNING] Dữ liệu không đầy đủ cho: Bình Thuận. Phản hồi: city not found
[2025-11-19 21:14:04] [SUCCESS] Đã lấy dữ liệu thời tiết cho: Cà Mau
[2025-11-19 21:14:05] [SUCCESS] Đã lấy dữ liệu thời tiết cho: Cao Bằng
[2025-11-19 21:14:06] [WARNING] Dữ liệu không đầy đủ cho: Đắk Lắk. Phản hồi: city not found
[2025-11-19 21:14:07] [WARNING] Dữ liệu không đầy đủ cho: Đắk Nông. Phản hồi: city not found
[2025-11-19 21:14:08] [WARNING] Dữ liệu không đầy đủ cho: Điện Biên. Phản hồi: city not found
[2025-11-19 21:14:08] [WARNING] Dữ liệu không đầy đủ cho: Đồng Nai. Phản hồi: city not found
[2025-11-19 21:14:09] [WARNING] Dữ liệu không đầy đủ cho: Đồng Tháp. Phản hồi: city not found
[2025-11-19 21:14:10] [SUCCESS] Đã lấy dữ liệu thời tiết cho: Gia Lai
[2025-11-19 21:14:11] [SUCCESS] Đã lấy dữ liệu thời tiết cho: Hà Giang
[2025-11-19 21:14:11] [SUCCESS] Đã lấy dữ liệu thời tiết cho: Hà Nam
[2025-11-19 21:14:12] [SUCCESS] Đã lấy dữ liệu thời tiết cho: Hà Tĩnh
[2025-11-19 21:14:13] [WARNING] Dữ liệu không đầy đủ cho: Hải Dương. Phản hồi: city not found
[2025-11-19 21:14:14] [WARNING] Dữ liệu không đầy đủ cho: Hậu Giang. Phản hồi: city not found
[2025-11-19 21:14:14] [SUCCESS] Đã lấy dữ liệu thời tiết cho: Hòa Bình
[2025-11-19 21:14:15] [SUCCESS] Đã lấy dữ liệu thời tiết cho: Hưng Yên
[2025-11-19 21:14:16] [SUCCESS] Đã lấy dữ liệu thời tiết cho: Khánh Hòa
[2025-11-19 21:14:16] [WARNING] Dữ liệu không đầy đủ cho: Kiên Giang. Phản hồi: city not found
[2025-11-19 21:14:17] [SUCCESS] Đã lấy dữ liệu thời tiết cho: Kon Tum
[2025-11-19 21:14:18] [SUCCESS] Đã lấy dữ liệu thời tiết cho: Lai Châu
[2025-11-19 21:14:18] [WARNING] Dữ liệu không đầy đủ cho: Lâm Đồng. Phản hồi: city not found
[2025-11-19 21:14:19] [SUCCESS] Đã lấy dữ liệu thời tiết cho: Lạng Sơn
[2025-11-19 21:14:20] [SUCCESS] Đã lấy dữ liệu thời tiết cho: Lào Cai
[2025-11-19 21:14:20] [SUCCESS] Đã lấy dữ liệu thời tiết cho: Long An
[2025-11-19 21:14:21] [SUCCESS] Đã lấy dữ liệu thời tiết cho: Nam Định
[2025-11-19 21:14:22] [WARNING] Dữ liệu không đầy đủ cho: Nghệ An. Phản hồi: city not found
[2025-11-19 21:14:23] [SUCCESS] Đã lấy dữ liệu thời tiết cho: Ninh Bình
[2025-11-19 21:14:23] [WARNING] Dữ liệu không đầy đủ cho: Ninh Thuận. Phản hồi: city not found
[2025-11-19 21:14:24] [SUCCESS] Đã lấy dữ liệu thời tiết cho: Phú Thọ
[2025-11-19 21:14:25] [WARNING] Dữ liệu không đầy đủ cho: Phú Yên. Phản hồi: city not found
[2025-11-19 21:14:26] [WARNING] Dữ liệu không đầy đủ cho: Quảng Bình. Phản hồi: city not found
[2025-11-19 21:14:27] [WARNING] Dữ liệu không đầy đủ cho: Quảng Nam. Phản hồi: city not found
[2025-11-19 21:14:27] [SUCCESS] Đã lấy dữ liệu thời tiết cho: Quảng Ngãi
[2025-11-19 21:14:28] [WARNING] Dữ liệu không đầy đủ cho: Quảng Ninh. Phản hồi: city not found
[2025-11-19 21:14:29] [SUCCESS] Đã lấy dữ liệu thời tiết cho: Quảng Trị
[2025-11-19 21:14:29] [SUCCESS] Đã lấy dữ liệu thời tiết cho: Sóc Trăng
[2025-11-19 21:14:30] [SUCCESS] Đã lấy dữ liệu thời tiết cho: Sơn La
[2025-11-19 21:14:31] [SUCCESS] Đã lấy dữ liệu thời tiết cho: Tây Ninh
[2025-11-19 21:14:32] [SUCCESS] Đã lấy dữ liệu thời tiết cho: Thái Bình
[2025-11-19 21:14:32] [SUCCESS] Đã lấy dữ liệu thời tiết cho: Thái Nguyên
[2025-11-19 21:14:33] [SUCCESS] Đã lấy dữ liệu thời tiết cho: Thanh Hóa
[2025-11-19 21:14:34] [WARNING] Dữ liệu không đầy đủ cho: Thừa Thiên Huế. Phản hồi: city not found
[2025-11-19 21:14:35] [WARNING] Dữ liệu không đầy đủ cho: Tiền Giang. Phản hồi: city not found
[2025-11-19 21:14:35] [SUCCESS] Đã lấy dữ liệu thời tiết cho: Trà Vinh
[2025-11-19 21:14:36] [SUCCESS] Đã lấy dữ liệu thời tiết cho: Tuyên Quang
[2025-11-19 21:14:37] [SUCCESS] Đã lấy dữ liệu thời tiết cho: Vĩnh Long
[2025-11-19 21:14:37] [SUCCESS] Đã lấy dữ liệu thời tiết cho: Vĩnh Phúc
[2025-11-19 21:14:38] [SUCCESS] Đã lấy dữ liệu thời tiết cho: Yên Bái
[2025-11-19 21:14:39] [INFO] Lưu CSV thành công: C:\Users\Phu\Documents\DW\csv\weather_20251119_211439.csv, 42 bản ghi
[2025-11-19 21:14:39] [INFO] Hoàn tất flow: CSV=C:\Users\Phu\Documents\DW\csv\weather_20251119_211439.csv
[2025-11-21 10:28:51] [INFO] Bắt đầu flow trích xuất dữ liệu thời tiết.
[2025-11-21 10:28:52] [SUCCESS] Đã lấy dữ liệu thời tiết cho: Hà Nội
[2025-11-21 10:28:53] [WARNING] Dữ liệu không đầy đủ cho: Hồ Chí Minh. Phản hồi: city not found
[2025-11-21 10:28:53] [SUCCESS] Đã lấy dữ liệu thời tiết cho: Hải Phòng
[2025-11-21 10:28:54] [SUCCESS] Đã lấy dữ liệu thời tiết cho: Đà Nẵng
[2025-11-21 10:28:55] [SUCCESS] Đã lấy dữ liệu thời tiết cho: Cần Thơ
[2025-11-21 10:28:56] [SUCCESS] Đã lấy dữ liệu thời tiết cho: An Giang
[2025-11-21 10:28:57] [WARNING] Dữ liệu không đầy đủ cho: Bà Rịa - Vũng Tàu. Phản hồi: city not found
[2025-11-21 10:28:57] [SUCCESS] Đã lấy dữ liệu thời tiết cho: Bạc Liêu
[2025-11-21 10:28:58] [SUCCESS] Đã lấy dữ liệu thời tiết cho: Bắc Kạn
[2025-11-21 10:28:59] [SUCCESS] Đã lấy dữ liệu thời tiết cho: Bắc Giang
[2025-11-21 10:28:59] [SUCCESS] Đã lấy dữ liệu thời tiết cho: Bắc Ninh
[2025-11-21 10:29:00] [SUCCESS] Đã lấy dữ liệu thời tiết cho: Bến Tre
[2025-11-21 10:29:01] [SUCCESS] Đã lấy dữ liệu thời tiết cho: Bình Dương
[2025-11-21 10:29:01] [SUCCESS] Đã lấy dữ liệu thời tiết cho: Bình Định
[2025-11-21 10:29:02] [WARNING] Dữ liệu không đầy đủ cho: Bình Phước. Phản hồi: city not found
[2025-11-21 10:29:03] [WARNING] Dữ liệu không đầy đủ cho: Bình Thuận. Phản hồi: city not found
[2025-11-21 10:29:04] [SUCCESS] Đã lấy dữ liệu thời tiết cho: Cà Mau
[2025-11-21 10:29:04] [SUCCESS] Đã lấy dữ liệu thời tiết cho: Cao Bằng
[2025-11-21 10:29:05] [WARNING] Dữ liệu không đầy đủ cho: Đắk Lắk. Phản hồi: city not found
[2025-11-21 10:29:06] [WARNING] Dữ liệu không đầy đủ cho: Đắk Nông. Phản hồi: city not found
[2025-11-21 10:29:07] [WARNING] Dữ liệu không đầy đủ cho: Điện Biên. Phản hồi: city not found
[2025-11-21 10:29:07] [WARNING] Dữ liệu không đầy đủ cho: Đồng Nai. Phản hồi: city not found
[2025-11-21 10:29:08] [WARNING] Dữ liệu không đầy đủ cho: Đồng Tháp. Phản hồi: city not found
[2025-11-21 10:29:09] [SUCCESS] Đã lấy dữ liệu thời tiết cho: Gia Lai
[2025-11-21 10:29:09] [SUCCESS] Đã lấy dữ liệu thời tiết cho: Hà Giang
[2025-11-21 10:29:10] [SUCCESS] Đã lấy dữ liệu thời tiết cho: Hà Nam
[2025-11-21 10:29:11] [SUCCESS] Đã lấy dữ liệu thời tiết cho: Hà Tĩnh
[2025-11-21 10:29:11] [WARNING] Dữ liệu không đầy đủ cho: Hải Dương. Phản hồi: city not found
[2025-11-21 10:29:12] [WARNING] Dữ liệu không đầy đủ cho: Hậu Giang. Phản hồi: city not found
[2025-11-21 10:29:13] [SUCCESS] Đã lấy dữ liệu thời tiết cho: Hòa Bình
[2025-11-21 10:29:14] [SUCCESS] Đã lấy dữ liệu thời tiết cho: Hưng Yên
[2025-11-21 10:29:15] [SUCCESS] Đã lấy dữ liệu thời tiết cho: Khánh Hòa
[2025-11-21 10:29:16] [WARNING] Dữ liệu không đầy đủ cho: Kiên Giang. Phản hồi: city not found
[2025-11-21 10:29:17] [SUCCESS] Đã lấy dữ liệu thời tiết cho: Kon Tum
[2025-11-21 10:29:18] [SUCCESS] Đã lấy dữ liệu thời tiết cho: Lai Châu
[2025-11-21 10:29:19] [WARNING] Dữ liệu không đầy đủ cho: Lâm Đồng. Phản hồi: city not found
[2025-11-21 10:29:19] [SUCCESS] Đã lấy dữ liệu thời tiết cho: Lạng Sơn
[2025-11-21 10:29:20] [SUCCESS] Đã lấy dữ liệu thời tiết cho: Lào Cai
[2025-11-21 10:29:21] [SUCCESS] Đã lấy dữ liệu thời tiết cho: Long An
[2025-11-21 10:29:21] [SUCCESS] Đã lấy dữ liệu thời tiết cho: Nam Định
[2025-11-21 10:29:22] [WARNING] Dữ liệu không đầy đủ cho: Nghệ An. Phản hồi: city not found
[2025-11-21 10:29:23] [SUCCESS] Đã lấy dữ liệu thời tiết cho: Ninh Bình
[2025-11-21 10:29:23] [WARNING] Dữ liệu không đầy đủ cho: Ninh Thuận. Phản hồi: city not found
[2025-11-21 10:29:24] [SUCCESS] Đã lấy dữ liệu thời tiết cho: Phú Thọ
[2025-11-21 10:29:25] [WARNING] Dữ liệu không đầy đủ cho: Phú Yên. Phản hồi: city not found
[2025-11-21 10:29:26] [WARNING] Dữ liệu không đầy đủ cho: Quảng Bình. Phản hồi: city not found
[2025-11-21 10:29:26] [WARNING] Dữ liệu không đầy đủ cho: Quảng Nam. Phản hồi: city not found
[2025-11-21 10:29:27] [SUCCESS] Đã lấy dữ liệu thời tiết cho: Quảng Ngãi
[2025-11-21 10:29:28] [WARNING] Dữ liệu không đầy đủ cho: Quảng Ninh. Phản hồi: city not found
[2025-11-21 10:29:28] [SUCCESS] Đã lấy dữ liệu thời tiết cho: Quảng Trị
[2025-11-21 10:29:29] [SUCCESS] Đã lấy dữ liệu thời tiết cho: Sóc Trăng
[2025-11-21 10:29:30] [SUCCESS] Đã lấy dữ liệu thời tiết cho: Sơn La
[2025-11-21 10:29:30] [SUCCESS] Đã lấy dữ liệu thời tiết cho: Tây Ninh
[2025-11-21 10:29:31] [SUCCESS] Đã lấy dữ liệu thời tiết cho: Thái Bình
[2025-11-21 10:29:32] [SUCCESS] Đã lấy dữ liệu thời tiết cho: Thái Nguyên
[2025-11-21 10:29:32] [SUCCESS] Đã lấy dữ liệu thời tiết cho: Thanh Hóa
[2025-11-21 10:29:34] [WARNING] Dữ liệu không đầy đủ cho: Thừa Thiên Huế. Phản hồi: city not found
[2025-11-21 10:29:35] [WARNING] Dữ liệu không đầy đủ cho: Tiền Giang. Phản hồi: city not found
[2025-11-21 10:29:36] [SUCCESS] Đã lấy dữ liệu thời tiết cho: Trà Vinh
[2025-11-21 10:29:36] [SUCCESS] Đã lấy dữ liệu thời tiết cho: Tuyên Quang
[2025-11-21 10:29:37] [SUCCESS] Đã lấy dữ liệu thời tiết cho: Vĩnh Long
[2025-11-21 10:29:37] [SUCCESS] Đã lấy dữ liệu thời tiết cho: Vĩnh Phúc
[2025-11-21 10:29:38] [SUCCESS] Đã lấy dữ liệu thời tiết cho: Yên Bái
[2025-11-21 10:29:39] [INFO] Lưu CSV thành công: C:\Users\Phu\Documents\DW\csv\weather_20251121_102939.csv, 42 bản ghi
[2025-11-21 10:29:39] [INFO] Hoàn tất flow: CSV=C:\Users\Phu\Documents\DW\csv\weather_20251121_102939.csv
