19:20:07.822 | INFO    | Flow run 'rugged-dragon' - Beginning flow run 'rugged-dragon' for flow 'Weather-63-Tinh-Flow'
19:20:07.822 | INFO    | Flow run 'rugged-dragon' - View at http://127.0.0.1:4200/runs/flow-run/ce7f1228-a32a-4f98-8000-e7db21537268
19:20:08.462 | INFO    | Task run 'get_weather-46d' - Finished in state Completed()
19:20:08.985 | INFO    | Task run 'get_weather-9d9' - Finished in state Completed()
19:20:09.462 | INFO    | Task run 'get_weather-b89' - Finished in state Completed()
19:20:10.025 | INFO    | Task run 'get_weather-aab' - Finished in state Completed()
19:20:11.118 | INFO    | Task run 'get_weather-384' - Finished in state Completed()
19:20:11.588 | INFO    | Task run 'get_weather-d2e' - Finished in state Completed()
19:20:13.165 | INFO    | Task run 'get_weather-f06' - Finished in state Completed()
19:20:13.642 | INFO    | Task run 'get_weather-615' - Finished in state Completed()
19:20:14.136 | INFO    | Task run 'get_weather-1e5' - Finished in state Completed()
19:20:14.619 | INFO    | Task run 'get_weather-389' - Finished in state Completed()
19:20:15.150 | INFO    | Task run 'get_weather-11d' - Finished in state Completed()
19:20:15.618 | INFO    | Task run 'get_weather-a81' - Finished in state Completed()
19:20:16.099 | INFO    | Task run 'get_weather-7b7' - Finished in state Completed()
19:20:16.567 | INFO    | Task run 'get_weather-cbe' - Finished in state Completed()
19:20:17.071 | INFO    | Task run 'get_weather-61a' - Finished in state Completed()
19:20:17.541 | INFO    | Task run 'get_weather-e73' - Finished in state Completed()
19:20:18.003 | INFO    | Task run 'get_weather-c8b' - Finished in state Completed()
19:20:18.556 | INFO    | Task run 'get_weather-f68' - Finished in state Completed()
19:20:19.040 | INFO    | Task run 'get_weather-d92' - Finished in state Completed()
19:20:19.722 | INFO    | Task run 'get_weather-b0e' - Finished in state Completed()
19:20:20.276 | INFO    | Task run 'get_weather-fca' - Finished in state Completed()
19:20:20.743 | INFO    | Task run 'get_weather-a4c' - Finished in state Completed()
19:20:21.230 | INFO    | Task run 'get_weather-1a3' - Finished in state Completed()
19:20:21.711 | INFO    | Task run 'get_weather-f6e' - Finished in state Completed()
19:20:22.196 | INFO    | Task run 'get_weather-110' - Finished in state Completed()
19:20:22.655 | INFO    | Task run 'get_weather-20c' - Finished in state Completed()
19:20:23.126 | INFO    | Task run 'get_weather-88a' - Finished in state Completed()
19:20:23.587 | INFO    | Task run 'get_weather-4f8' - Finished in state Completed()
19:20:24.227 | INFO    | Task run 'get_weather-ca5' - Finished in state Completed()
19:20:24.680 | INFO    | Task run 'get_weather-09a' - Finished in state Completed()
19:20:25.149 | INFO    | Task run 'get_weather-95e' - Finished in state Completed()
19:20:25.620 | INFO    | Task run 'get_weather-aa1' - Finished in state Completed()
19:20:26.089 | INFO    | Task run 'get_weather-359' - Finished in state Completed()
19:20:26.571 | INFO    | Task run 'get_weather-de2' - Finished in state Completed()
19:20:27.053 | INFO    | Task run 'get_weather-856' - Finished in state Completed()
19:20:27.506 | INFO    | Task run 'get_weather-638' - Finished in state Completed()
19:20:28.336 | INFO    | Task run 'get_weather-dcd' - Finished in state Completed()
19:20:29.013 | INFO    | Task run 'get_weather-56f' - Finished in state Completed()
19:20:29.488 | INFO    | Task run 'get_weather-d96' - Finished in state Completed()
19:20:29.995 | INFO    | Task run 'get_weather-29b' - Finished in state Completed()
19:20:30.430 | INFO    | Task run 'get_weather-a12' - Finished in state Completed()
19:20:30.894 | INFO    | Task run 'get_weather-abc' - Finished in state Completed()
19:20:31.353 | INFO    | Task run 'get_weather-d34' - Finished in state Completed()
19:20:31.806 | INFO    | Task run 'get_weather-adf' - Finished in state Completed()
19:20:32.461 | INFO    | Task run 'get_weather-8ed' - Finished in state Completed()
19:20:32.930 | INFO    | Task run 'get_weather-77a' - Finished in state Completed()
19:20:33.421 | INFO    | Task run 'get_weather-bc6' - Finished in state Completed()
19:20:33.884 | INFO    | Task run 'get_weather-738' - Finished in state Completed()
19:20:34.374 | INFO    | Task run 'get_weather-563' - Finished in state Completed()
19:20:34.822 | INFO    | Task run 'get_weather-c85' - Finished in state Completed()
19:20:35.284 | INFO    | Task run 'get_weather-379' - Finished in state Completed()
19:20:35.743 | INFO    | Task run 'get_weather-67c' - Finished in state Completed()
19:20:36.212 | INFO    | Task run 'get_weather-01f' - Finished in state Completed()
19:20:36.699 | INFO    | Task run 'get_weather-60a' - Finished in state Completed()
19:20:37.162 | INFO    | Task run 'get_weather-784' - Finished in state Completed()
19:20:37.618 | INFO    | Task run 'get_weather-6fa' - Finished in state Completed()
19:20:38.099 | INFO    | Task run 'get_weather-dcc' - Finished in state Completed()
19:20:38.562 | INFO    | Task run 'get_weather-f8c' - Finished in state Completed()
19:20:39.025 | INFO    | Task run 'get_weather-dff' - Finished in state Completed()
19:20:49.415 | INFO    | Task run 'get_weather-a57' - Finished in state Completed()
19:20:49.892 | INFO    | Task run 'get_weather-52e' - Finished in state Completed()
19:20:50.357 | INFO    | Task run 'get_weather-0f2' - Finished in state Completed()
19:20:50.834 | INFO    | Task run 'get_weather-36c' - Finished in state Completed()
19:20:51.247 | INFO    | Task run 'save_csv-bd0' - Finished in state Completed()
19:20:51.269 | INFO    | Flow run 'rugged-dragon' - Finished in state Completed()
[CẢNH BÁO] Không có dữ liệu cho Điện Biên: {'cod': '404', 'message': 'city not found'}
[CẢNH BÁO] Không có dữ liệu cho Quảng Ninh: {'cod': '404', 'message': 'city not found'}
[CẢNH BÁO] Không có dữ liệu cho Hải Dương: {'cod': '404', 'message': 'city not found'}
[CẢNH BÁO] Không có dữ liệu cho Nghệ An: {'cod': '404', 'message': 'city not found'}
[CẢNH BÁO] Không có dữ liệu cho Quảng Bình: {'cod': '404', 'message': 'city not found'}
[CẢNH BÁO] Không có dữ liệu cho Thừa Thiên Huế: {'cod': '404', 'message': 'city not found'}
[CẢNH BÁO] Không có dữ liệu cho Quảng Nam: {'cod': '404', 'message': 'city not found'}
[CẢNH BÁO] Không có dữ liệu cho Phú Yên: {'cod': '404', 'message': 'city not found'}
[CẢNH BÁO] Không có dữ liệu cho Ninh Thuận: {'cod': '404', 'message': 'city not found'}
[CẢNH BÁO] Không có dữ liệu cho Bình Thuận: {'cod': '404', 'message': 'city not found'}
[CẢNH BÁO] Không có dữ liệu cho Đắk Lắk: {'cod': '404', 'message': 'city not found'}
[CẢNH BÁO] Không có dữ liệu cho Đắk Nông: {'cod': '404', 'message': 'city not found'}
[CẢNH BÁO] Không có dữ liệu cho Lâm Đồng: {'cod': '404', 'message': 'city not found'}
[CẢNH BÁO] Không có dữ liệu cho Bình Phước: {'cod': '404', 'message': 'city not found'}
[CẢNH BÁO] Không có dữ liệu cho Đồng Nai: {'cod': '404', 'message': 'city not found'}
[CẢNH BÁO] Không có dữ liệu cho Bà Rịa – Vũng Tàu: {'cod': '404', 'message': 'city not found'}
[CẢNH BÁO] Không có dữ liệu cho Hồ Chí Minh: {'cod': '404', 'message': 'city not found'}
[CẢNH BÁO] Không có dữ liệu cho Tiền Giang: {'cod': '404', 'message': 'city not found'}
[CẢNH BÁO] Không có dữ liệu cho Đồng Tháp: {'cod': '404', 'message': 'city not found'}
[CẢNH BÁO] Không có dữ liệu cho Kiên Giang: {'cod': '404', 'message': 'city not found'}
[LỖI] Khi lấy dữ liệu Hậu Giang: HTTPConnectionPool(host='api.openweathermap.org', port=80): Max retries exceeded with url: /data/2.5/weather?q=H%E1%BA%ADu%20Giang&appid=692bb278c31e503d9981438288302b52&units=metric&lang=vi (Caused by ConnectTimeoutError(<urllib3.connection.HTTPConnection object at 0x000001C071790F80>, 'Connection to api.openweathermap.org timed out. (connect timeout=10)'))
[INFO] Đã lưu 42 bản ghi vào file: weather_data_20251029_192051.csv
[INFO] Hoàn tất lấy dữ liệu tất cả 63 tỉnh/thành.
[INFO] File kết quả: weather_data_20251029_192051.csv
